


              *200                    /LOCATE PROGRAM STARTING AT ADD     Page 1


    1        0200          *200                    /LOCATE PROGRAM STARTING AT ADDR 200
    2        0010          AIX1=10                 /SETUP AUTOINDEX REGISTER 1
    3              
    4 00200  7200          CLA                     /CLEAR ACCUMULATOR
    5 00201  7100          CLL                     /CLEAR AC LINK
    6 00202  1220          TAD CHRSTR              /LOAD 1ST WRD OF CHRSTR (WHICH IS
    7                                              /THE ADDR OF CHRSTR)
    8 00203  3010          DCA AIX1                /STORE THAT IN AUTOINDEX REG 1
    9              
   10 00204  7000  LOOP,   NOP                     /TOP OF LOOP TO READ AND PRINT STRING
   11                                              /I USE A NOP JUST TO MAKE IT EASIER TO
   12                                              /INSERT CODE BELOW THE LABEL.
   13 00205  1410          TAD I AIX1              /INCR ADDR IN AIX1, THEN LOAD AC FROM THAT
   14 00206  7450          SNA                     /IF AC IS NOT ZERO, SKIP NEXT INSTRUCTION
   15 00207  7402          HLT                     /WE ARE DONE, HALT
   16 00210  4212          JMS TTYO                /CALL OUTPUT ROUTINE
   17 00211  5204          JMP LOOP                /REPEAT LOOP
   18              
   19 00212  0000  TTYO,   0                       /TTY OUTPUT ROUTINE. THE FIRST WORD OF
   20                                              /A SUBROUTINE MUST BE EMPTY (0) BECAUSE
   21                                              /THE JMS INSTRUCTION INSERTS THE RETURN
   22                                              /ADDR IN THIS WORD.
   23 00213  6046          TLS                     /WRITE AC TO THE OUTPUT DEVICE (TTY)
   24 00214  6041          TSF                     /IF TTY IS READY, SKIP NEXT INSTRUCTION.
   25 00215  5214          JMP .-1                 /TTY IS NOT READY, SO CHECK AGAIN
   26 00216  7200          CLA                     /CLEAR AC
   27 00217  5612          JMP I TTYO              /RETURN TO CALLER
   28              
   29 00220  0220  CHRSTR, .                       /1ST WORD IS ADDR OF STRING
   30 00221  0110          110                     /H
   31 00222  0105          105                     /E
   32 00223  0114          114                     /L
   33 00224  0114          114                     /L
   34 00225  0117          117                     /O
   35 00226  0040          040                     /
   36 00227  0127          127                     /W
   37 00230  0117          117                     /O
   38 00231  0122          122                     /R
   39 00232  0114          114                     /L
   40 00233  0104          104                     /D
   41 00234  0041          041                     /!
   42 00235  0015          015                     /<CR>
   43 00236  0012          012                     /<LF>
   44 00237  0000          000                     /<EOT>
   45                              $

      No detected errors
      No links generated
